Archive member included to satisfy reference by file (symbol)

/home/lean/st/stm32cubeide_1.14.0/plugins/com.st.stm32cube.ide.mcu.externaltools.gnu-tools-for-stm32.11.3.rel1.linux64_1.1.100.202309141235/tools/bin/../lib/gcc/arm-none-eabi/11.3.1/../../../../arm-none-eabi/lib/thumb/v7e-m+fp/hard/libc_nano.a(libc_a-exit.o)
                              /home/lean/st/stm32cubeide_1.14.0/plugins/com.st.stm32cube.ide.mcu.externaltools.gnu-tools-for-stm32.11.3.rel1.linux64_1.1.100.202309141235/tools/bin/../lib/gcc/arm-none-eabi/11.3.1/../../../../arm-none-eabi/lib/thumb/v7e-m+fp/hard/crt0.o (exit)
/home/lean/st/stm32cubeide_1.14.0/plugins/com.st.stm32cube.ide.mcu.externaltools.gnu-tools-for-stm32.11.3.rel1.linux64_1.1.100.202309141235/tools/bin/../lib/gcc/arm-none-eabi/11.3.1/../../../../arm-none-eabi/lib/thumb/v7e-m+fp/hard/libc_nano.a(libc_a-findfp.o)
                              /home/lean/st/stm32cubeide_1.14.0/plugins/com.st.stm32cube.ide.mcu.externaltools.gnu-tools-for-stm32.11.3.rel1.linux64_1.1.100.202309141235/tools/bin/../lib/gcc/arm-none-eabi/11.3.1/../../../../arm-none-eabi/lib/thumb/v7e-m+fp/hard/libc_nano.a(libc_a-exit.o) (__stdio_exit_handler)
/home/lean/st/stm32cubeide_1.14.0/plugins/com.st.stm32cube.ide.mcu.externaltools.gnu-tools-for-stm32.11.3.rel1.linux64_1.1.100.202309141235/tools/bin/../lib/gcc/arm-none-eabi/11.3.1/../../../../arm-none-eabi/lib/thumb/v7e-m+fp/hard/libc_nano.a(libc_a-fwalk.o)
                              /home/lean/st/stm32cubeide_1.14.0/plugins/com.st.stm32cube.ide.mcu.externaltools.gnu-tools-for-stm32.11.3.rel1.linux64_1.1.100.202309141235/tools/bin/../lib/gcc/arm-none-eabi/11.3.1/../../../../arm-none-eabi/lib/thumb/v7e-m+fp/hard/libc_nano.a(libc_a-findfp.o) (_fwalk_sglue)
/home/lean/st/stm32cubeide_1.14.0/plugins/com.st.stm32cube.ide.mcu.externaltools.gnu-tools-for-stm32.11.3.rel1.linux64_1.1.100.202309141235/tools/bin/../lib/gcc/arm-none-eabi/11.3.1/../../../../arm-none-eabi/lib/thumb/v7e-m+fp/hard/libc_nano.a(libc_a-stdio.o)
                              /home/lean/st/stm32cubeide_1.14.0/plugins/com.st.stm32cube.ide.mcu.externaltools.gnu-tools-for-stm32.11.3.rel1.linux64_1.1.100.202309141235/tools/bin/../lib/gcc/arm-none-eabi/11.3.1/../../../../arm-none-eabi/lib/thumb/v7e-m+fp/hard/libc_nano.a(libc_a-findfp.o) (__sread)
/home/lean/st/stm32cubeide_1.14.0/plugins/com.st.stm32cube.ide.mcu.externaltools.gnu-tools-for-stm32.11.3.rel1.linux64_1.1.100.202309141235/tools/bin/../lib/gcc/arm-none-eabi/11.3.1/../../../../arm-none-eabi/lib/thumb/v7e-m+fp/hard/libc_nano.a(libc_a-memset.o)
                              /home/lean/st/stm32cubeide_1.14.0/plugins/com.st.stm32cube.ide.mcu.externaltools.gnu-tools-for-stm32.11.3.rel1.linux64_1.1.100.202309141235/tools/bin/../lib/gcc/arm-none-eabi/11.3.1/../../../../arm-none-eabi/lib/thumb/v7e-m+fp/hard/crt0.o (memset)
/home/lean/st/stm32cubeide_1.14.0/plugins/com.st.stm32cube.ide.mcu.externaltools.gnu-tools-for-stm32.11.3.rel1.linux64_1.1.100.202309141235/tools/bin/../lib/gcc/arm-none-eabi/11.3.1/../../../../arm-none-eabi/lib/thumb/v7e-m+fp/hard/libc_nano.a(libc_a-closer.o)
                              /home/lean/st/stm32cubeide_1.14.0/plugins/com.st.stm32cube.ide.mcu.externaltools.gnu-tools-for-stm32.11.3.rel1.linux64_1.1.100.202309141235/tools/bin/../lib/gcc/arm-none-eabi/11.3.1/../../../../arm-none-eabi/lib/thumb/v7e-m+fp/hard/libc_nano.a(libc_a-stdio.o) (_close_r)
/home/lean/st/stm32cubeide_1.14.0/plugins/com.st.stm32cube.ide.mcu.externaltools.gnu-tools-for-stm32.11.3.rel1.linux64_1.1.100.202309141235/tools/bin/../lib/gcc/arm-none-eabi/11.3.1/../../../../arm-none-eabi/lib/thumb/v7e-m+fp/hard/libc_nano.a(libc_a-reent.o)
                              /home/lean/st/stm32cubeide_1.14.0/plugins/com.st.stm32cube.ide.mcu.externaltools.gnu-tools-for-stm32.11.3.rel1.linux64_1.1.100.202309141235/tools/bin/../lib/gcc/arm-none-eabi/11.3.1/../../../../arm-none-eabi/lib/thumb/v7e-m+fp/hard/libc_nano.a(libc_a-closer.o) (errno)
/home/lean/st/stm32cubeide_1.14.0/plugins/com.st.stm32cube.ide.mcu.externaltools.gnu-tools-for-stm32.11.3.rel1.linux64_1.1.100.202309141235/tools/bin/../lib/gcc/arm-none-eabi/11.3.1/../../../../arm-none-eabi/lib/thumb/v7e-m+fp/hard/libc_nano.a(libc_a-impure.o)
                              /home/lean/st/stm32cubeide_1.14.0/plugins/com.st.stm32cube.ide.mcu.externaltools.gnu-tools-for-stm32.11.3.rel1.linux64_1.1.100.202309141235/tools/bin/../lib/gcc/arm-none-eabi/11.3.1/../../../../arm-none-eabi/lib/thumb/v7e-m+fp/hard/libc_nano.a(libc_a-reent.o) (_impure_ptr)
/home/lean/st/stm32cubeide_1.14.0/plugins/com.st.stm32cube.ide.mcu.externaltools.gnu-tools-for-stm32.11.3.rel1.linux64_1.1.100.202309141235/tools/bin/../lib/gcc/arm-none-eabi/11.3.1/../../../../arm-none-eabi/lib/thumb/v7e-m+fp/hard/libc_nano.a(libc_a-lseekr.o)
[...]
Memory Configuration

Name             Origin             Length             Attributes
RAM              0x0000000020000000 0x0000000000050000 xrw
FLASH            0x0000000008000000 0x0000000000100000 xr
*default*        0x0000000000000000 0xffffffffffffffff

Linker script and memory map

LOAD /home/lean/st/stm32cubeide_1.14.0/plugins/com.st.stm32cube.ide.mcu.externaltools.gnu-tools-for-stm32.11.3.rel1.linux64_1.1.100.202309141235/tools/bin/../lib/gcc/arm-none-eabi/11.3.1/thumb/v7e-m+fp/hard/crti.o
LOAD /home/lean/st/stm32cubeide_1.14.0/plugins/com.st.stm32cube.ide.mcu.externaltools.gnu-tools-for-stm32.11.3.rel1.linux64_1.1.100.202309141235/tools/bin/../lib/gcc/arm-none-eabi/11.3.1/thumb/v7e-m+fp/hard/crtbegin.o
LOAD /home/lean/st/stm32cubeide_1.14.0/plugins/com.st.stm32cube.ide.mcu.externaltools.gnu-tools-for-stm32.11.3.rel1.linux64_1.1.100.202309141235/tools/bin/../lib/gcc/arm-none-eabi/11.3.1/../../../../arm-none-eabi/lib/thumb/v7e-m+fp/hard/crt0.o
LOAD ./Core/Src/stm32f7xx_hal_msp.o
LOAD ./Core/Src/stm32f7xx_it.o
LOAD ./Core/Src/syscalls.o
LOAD ./Core/Src/sysmem.o
LOAD ./Core/Src/system_stm32f7xx.o
LOAD ./Drivers/BSP/STM32F7xx_Nucleo_144/stm32f7xx_nucleo_144.o
LOAD ./Drivers/STM32F7xx_HAL_Driver/Src/stm32f7xx_hal.o
LOAD ./Drivers/STM32F7xx_HAL_Driver/Src/stm32f7xx_hal_cortex.o
LOAD ./Drivers/STM32F7xx_HAL_Driver/Src/stm32f7xx_hal_dma.o
LOAD ./Drivers/STM32F7xx_HAL_Driver/Src/stm32f7xx_hal_dma_ex.o
LOAD ./Drivers/STM32F7xx_HAL_Driver/Src/stm32f7xx_hal_exti.o
LOAD ./Drivers/STM32F7xx_HAL_Driver/Src/stm32f7xx_hal_flash.o
LOAD ./Drivers/STM32F7xx_HAL_Driver/Src/stm32f7xx_hal_flash_ex.o
LOAD ./Drivers/STM32F7xx_HAL_Driver/Src/stm32f7xx_hal_gpio.o
LOAD ./Drivers/STM32F7xx_HAL_Driver/Src/stm32f7xx_hal_i2c.o
LOAD ./Drivers/STM32F7xx_HAL_Driver/Src/stm32f7xx_hal_i2c_ex.o
LOAD ./Drivers/STM32F7xx_HAL_Driver/Src/stm32f7xx_hal_pwr.o
LOAD ./Drivers/STM32F7xx_HAL_Driver/Src/stm32f7xx_hal_pwr_ex.o
LOAD ./Drivers/STM32F7xx_HAL_Driver/Src/stm32f7xx_hal_rcc.o
LOAD ./Drivers/STM32F7xx_HAL_Driver/Src/stm32f7xx_hal_rcc_ex.o
LOAD ./Src/main.o
LOAD ./Startup/startup_stm32f746zgtx.o
START GROUP
LOAD /home/lean/st/stm32cubeide_1.14.0/plugins/com.st.stm32cube.ide.mcu.externaltools.gnu-tools-for-stm32.11.3.rel1.linux64_1.1.100.202309141235/tools/bin/../lib/gcc/arm-none-eabi/11.3.1/../../../../arm-none-eabi/lib/thumb/v7e-m+fp/hard/libc_nano.a
LOAD /home/lean/st/stm32cubeide_1.14.0/plugins/com.st.stm32cube.ide.mcu.externaltools.gnu-tools-for-stm32.11.3.rel1.linux64_1.1.100.202309141235/tools/bin/../lib/gcc/arm-none-eabi/11.3.1/../../../../arm-none-eabi/lib/thumb/v7e-m+fp/hard/libm.a
END GROUP
START GROUP
LOAD /home/lean/st/stm32cubeide_1.14.0/plugins/com.st.stm32cube.ide.mcu.externaltools.gnu-tools-for-stm32.11.3.rel1.linux64_1.1.100.202309141235/tools/bin/../lib/gcc/arm-none-eabi/11.3.1/thumb/v7e-m+fp/hard/libgcc.a
LOAD /home/lean/st/stm32cubeide_1.14.0/plugins/com.st.stm32cube.ide.mcu.externaltools.gnu-tools-for-stm32.11.3.rel1.linux64_1.1.100.202309141235/tools/bin/../lib/gcc/arm-none-eabi/11.3.1/../../../../arm-none-eabi/lib/thumb/v7e-m+fp/hard/libc_nano.a
END GROUP
START GROUP
LOAD /home/lean/st/stm32cubeide_1.14.0/plugins/com.st.stm32cube.ide.mcu.externaltools.gnu-tools-for-stm32.11.3.rel1.linux64_1.1.100.202309141235/tools/bin/../lib/gcc/arm-none-eabi/11.3.1/thumb/v7e-m+fp/hard/libgcc.a
LOAD /home/lean/st/stm32cubeide_1.14.0/plugins/com.st.stm32cube.ide.mcu.externaltools.gnu-tools-for-stm32.11.3.rel1.linux64_1.1.100.202309141235/tools/bin/../lib/gcc/arm-none-eabi/11.3.1/../../../../arm-none-eabi/lib/thumb/v7e-m+fp/hard/libc_nano.a
LOAD /home/lean/st/stm32cubeide_1.14.0/plugins/com.st.stm32cube.ide.mcu.externaltools.gnu-tools-for-stm32.11.3.rel1.linux64_1.1.100.202309141235/tools/bin/../lib/gcc/arm-none-eabi/11.3.1/../../../../arm-none-eabi/lib/thumb/v7e-m+fp/hard/libnosys.a
END GROUP
START GROUP
LOAD /home/lean/st/stm32cubeide_1.14.0/plugins/com.st.stm32cube.ide.mcu.externaltools.gnu-tools-for-stm32.11.3.rel1.linux64_1.1.100.202309141235/tools/bin/../lib/gcc/arm-none-eabi/11.3.1/thumb/v7e-m+fp/hard/libgcc.a
LOAD /home/lean/st/stm32cubeide_1.14.0/plugins/com.st.stm32cube.ide.mcu.externaltools.gnu-tools-for-stm32.11.3.rel1.linux64_1.1.100.202309141235/tools/bin/../lib/gcc/arm-none-eabi/11.3.1/../../../../arm-none-eabi/lib/thumb/v7e-m+fp/hard/libc_nano.a
LOAD /home/lean/st/stm32cubeide_1.14.0/plugins/com.st.stm32cube.ide.mcu.externaltools.gnu-tools-for-stm32.11.3.rel1.linux64_1.1.100.202309141235/tools/bin/../lib/gcc/arm-none-eabi/11.3.1/../../../../arm-none-eabi/lib/thumb/v7e-m+fp/hard/libnosys.a
END GROUP
LOAD /home/lean/st/stm32cubeide_1.14.0/plugins/com.st.stm32cube.ide.mcu.externaltools.gnu-tools-for-stm32.11.3.rel1.linux64_1.1.100.202309141235/tools/bin/../lib/gcc/arm-none-eabi/11.3.1/thumb/v7e-m+fp/hard/crtend.o
LOAD /home/lean/st/stm32cubeide_1.14.0/plugins/com.st.stm32cube.ide.mcu.externaltools.gnu-tools-for-stm32.11.3.rel1.linux64_1.1.100.202309141235/tools/bin/../lib/gcc/arm-none-eabi/11.3.1/thumb/v7e-m+fp/hard/crtn.o
                0x0000000020050000                _estack = (ORIGIN (RAM) + LENGTH (RAM))
                0x0000000000000200                _Min_Heap_Size = 0x200
                0x0000000000000400                _Min_Stack_Size = 0x400

.isr_vector     0x0000000008000000      0x1c8
                0x0000000008000000                . = ALIGN (0x4)
 *(.isr_vector)
 .isr_vector    0x0000000008000000      0x1c8 ./Startup/startup_stm32f746zgtx.o
                0x0000000008000000                g_pfnVectors
                0x00000000080001c8                . = ALIGN (0x4)

.text           0x00000000080001c8     0x1804
                0x00000000080001c8                . = ALIGN (0x4)
 *(.text)
 .text          0x00000000080001c8       0x40 /home/lean/st/stm32cubeide_1.14.0/plugins/com.st.stm32cube.ide.mcu.externaltools.gnu-tools-for-stm32.11.3.rel1.linux64_1.1.100.202309141235/tools/bin/../lib/gcc/arm-none-eabi/11.3.1/thumb/v7e-m+fp/hard/crtbegin.o
 .text          0x0000000008000208       0x30 /home/lean/st/stm32cubeide_1.14.0/plugins/com.st.stm32cube.ide.mcu.externaltools.gnu-tools-for-stm32.11.3.rel1.linux64_1.1.100.202309141235/tools/bin/../lib/gcc/arm-none-eabi/11.3.1/thumb/v7e-m+fp/hard/libgcc.a(_aeabi_uldivmod.o)
                0x0000000008000208                __aeabi_uldivmod
 .text          0x0000000008000238      0x2c8 /home/lean/st/stm32cubeide_1.14.0/plugins/com.st.stm32cube.ide.mcu.externaltools.gnu-tools-for-stm32.11.3.rel1.linux64_1.1.100.202309141235/tools/bin/../lib/gcc/arm-none-eabi/11.3.1/thumb/v7e-m+fp/hard/libgcc.a(_udivmoddi4.o)
                0x0000000008000238                __udivmoddi4
 .text          0x0000000008000500        0x4 /home/lean/st/stm32cubeide_1.14.0/plugins/com.st.stm32cube.ide.mcu.externaltools.gnu-tools-for-stm32.11.3.rel1.linux64_1.1.100.202309141235/tools/bin/../lib/gcc/arm-none-eabi/11.3.1/thumb/v7e-m+fp/hard/libgcc.a(_dvmd_tls.o)
                0x0000000008000500                __aeabi_ldiv0
                0x0000000008000500                __aeabi_idiv0
 *(.text*)
 .text.HAL_MspInit
                0x0000000008000504       0x48 ./Core/Src/stm32f7xx_hal_msp.o
                0x0000000008000504                HAL_MspInit
 .text.NMI_Handler
                0x000000000800054c        0x6 ./Core/Src/stm32f7xx_it.o
                0x000000000800054c                NMI_Handler
 .text.HardFault_Handler
                0x0000000008000552        0x6 ./Core/Src/stm32f7xx_it.o
                0x0000000008000552                HardFault_Handler
 .text.MemManage_Handler
                0x0000000008000558        0x6 ./Core/Src/stm32f7xx_it.o
                0x0000000008000558                MemManage_Handler
 .text.BusFault_Handler
                0x000000000800055e        0x6 ./Core/Src/stm32f7xx_it.o
                0x000000000800055e                BusFault_Handler
 .text.UsageFault_Handler
                0x0000000008000564        0x6 ./Core/Src/stm32f7xx_it.o
                0x0000000008000564                UsageFault_Handler
 .text.SVC_Handler
                0x000000000800056a        0xe ./Core/Src/stm32f7xx_it.o
                0x000000000800056a                SVC_Handler
 .text.DebugMon_Handler
                0x0000000008000578        0xe ./Core/Src/stm32f7xx_it.o
                0x0000000008000578                DebugMon_Handler
 .text.PendSV_Handler
                0x0000000008000586        0xe ./Core/Src/stm32f7xx_it.o
                0x0000000008000586                PendSV_Handler
 .text.SysTick_Handler
                0x0000000008000594        0xc ./Core/Src/stm32f7xx_it.o
                0x0000000008000594                SysTick_Handler
 .text.SystemInit
                0x00000000080005a0       0x24 ./Core/Src/system_stm32f7xx.o
                0x00000000080005a0                SystemInit
 .text.BSP_LED_Init
                0x00000000080005c4       0x98 ./Drivers/BSP/STM32F7xx_Nucleo_144/stm32f7xx_nucleo_144.o
                0x00000000080005c4                BSP_LED_Init
 .text.BSP_LED_Toggle
                0x000000000800065c       0x34 ./Drivers/BSP/STM32F7xx_Nucleo_144/stm32f7xx_nucleo_144.o
                0x000000000800065c                BSP_LED_Toggle
 .text.BSP_PB_Init
                0x0000000008000690       0xa8 ./Drivers/BSP/STM32F7xx_Nucleo_144/stm32f7xx_nucleo_144.o
                0x0000000008000690                BSP_PB_Init
 .text.BSP_PB_GetState
                0x0000000008000738       0x2c ./Drivers/BSP/STM32F7xx_Nucleo_144/stm32f7xx_nucleo_144.o
                0x0000000008000738                BSP_PB_GetState
 .text.HAL_Init
                0x0000000008000764       0x1a ./Drivers/STM32F7xx_HAL_Driver/Src/stm32f7xx_hal.o
                0x0000000008000764                HAL_Init
 *fill*         0x000000000800077e        0x2 
 .text.HAL_InitTick
                0x0000000008000780       0x60 ./Drivers/STM32F7xx_HAL_Driver/Src/stm32f7xx_hal.o
                0x0000000008000780                HAL_InitTick
 .text.HAL_IncTick
                0x00000000080007e0       0x28 ./Drivers/STM32F7xx_HAL_Driver/Src/stm32f7xx_hal.o
                0x00000000080007e0                HAL_IncTick
 .text.HAL_GetTick
                0x0000000008000808       0x18 ./Drivers/STM32F7xx_HAL_Driver/Src/stm32f7xx_hal.o
                0x0000000008000808                HAL_GetTick
 .text.HAL_Delay
                0x0000000008000820       0x48 ./Drivers/STM32F7xx_HAL_Driver/Src/stm32f7xx_hal.o
                0x0000000008000820                HAL_Delay
 .text.__NVIC_SetPriorityGrouping
                0x0000000008000868       0x48 ./Drivers/STM32F7xx_HAL_Driver/Src/stm32f7xx_hal_cortex.o
 .text.__NVIC_GetPriorityGrouping
                0x00000000080008b0       0x1c ./Drivers/STM32F7xx_HAL_Driver/Src/stm32f7xx_hal_cortex.o
 .text.__NVIC_EnableIRQ
                0x00000000080008cc       0x3c ./Drivers/STM32F7xx_HAL_Driver/Src/stm32f7xx_hal_cortex.o
 .text.__NVIC_SetPriority
                0x0000000008000908       0x54 ./Drivers/STM32F7xx_HAL_Driver/Src/stm32f7xx_hal_cortex.o
 .text.NVIC_EncodePriority
                0x000000000800095c       0x66 ./Drivers/STM32F7xx_HAL_Driver/Src/stm32f7xx_hal_cortex.o
 *fill*         0x00000000080009c2        0x2 
 .text.SysTick_Config
                0x00000000080009c4       0x44 ./Drivers/STM32F7xx_HAL_Driver/Src/stm32f7xx_hal_cortex.o
 .text.HAL_NVIC_SetPriorityGrouping
                0x0000000008000a08       0x16 ./Drivers/STM32F7xx_HAL_Driver/Src/stm32f7xx_hal_cortex.o
                0x0000000008000a08                HAL_NVIC_SetPriorityGrouping
 .text.HAL_NVIC_SetPriority
                0x0000000008000a1e       0x38 ./Drivers/STM32F7xx_HAL_Driver/Src/stm32f7xx_hal_cortex.o
                0x0000000008000a1e                HAL_NVIC_SetPriority
 .text.HAL_NVIC_EnableIRQ
                0x0000000008000a56       0x1c ./Drivers/STM32F7xx_HAL_Driver/Src/stm32f7xx_hal_cortex.o
                0x0000000008000a56                HAL_NVIC_EnableIRQ
 .text.HAL_SYSTICK_Config
                0x0000000008000a72       0x18 ./Drivers/STM32F7xx_HAL_Driver/Src/stm32f7xx_hal_cortex.o
                0x0000000008000a72                HAL_SYSTICK_Config
 *fill*         0x0000000008000a8a        0x2 
 .text.HAL_GPIO_Init
                0x0000000008000a8c      0x358 ./Drivers/STM32F7xx_HAL_Driver/Src/stm32f7xx_hal_gpio.o
                0x0000000008000a8c                HAL_GPIO_Init
 .text.HAL_GPIO_ReadPin
                0x0000000008000de4       0x30 ./Drivers/STM32F7xx_HAL_Driver/Src/stm32f7xx_hal_gpio.o
                0x0000000008000de4                HAL_GPIO_ReadPin
 .text.HAL_GPIO_WritePin
                0x0000000008000e14       0x32 ./Drivers/STM32F7xx_HAL_Driver/Src/stm32f7xx_hal_gpio.o
                0x0000000008000e14                HAL_GPIO_WritePin
 .text.HAL_GPIO_TogglePin
                0x0000000008000e46       0x34 ./Drivers/STM32F7xx_HAL_Driver/Src/stm32f7xx_hal_gpio.o
                0x0000000008000e46                HAL_GPIO_TogglePin
 *fill*         0x0000000008000e7a        0x2 
 .text.HAL_RCC_OscConfig
                0x0000000008000e7c      0x548 ./Drivers/STM32F7xx_HAL_Driver/Src/stm32f7xx_hal_rcc.o
                0x0000000008000e7c                HAL_RCC_OscConfig
 .text.HAL_RCC_ClockConfig
                0x00000000080013c4      0x1d8 ./Drivers/STM32F7xx_HAL_Driver/Src/stm32f7xx_hal_rcc.o
                0x00000000080013c4                HAL_RCC_ClockConfig
 .text.HAL_RCC_GetSysClockFreq
                0x000000000800159c      0x18c ./Drivers/STM32F7xx_HAL_Driver/Src/stm32f7xx_hal_rcc.o
                0x000000000800159c                HAL_RCC_GetSysClockFreq
 .text.ToggleLed
                0x0000000008001728       0x30 ./Src/main.o
                0x0000000008001728                ToggleLed
 .text.GoForward
                0x0000000008001758       0x40 ./Src/main.o
                0x0000000008001758                GoForward
 .text.GoBackward
                0x0000000008001798       0x40 ./Src/main.o
                0x0000000008001798                GoBackward
 .text.main     0x00000000080017d8       0x6c ./Src/main.o
                0x00000000080017d8                main
 .text.SystemClock_Config
                0x0000000008001844       0xb8 ./Src/main.o
                0x0000000008001844                SystemClock_Config
 .text.Error_Handler
                0x00000000080018fc        0xa ./Src/main.o
                0x00000000080018fc                Error_Handler
 *fill*         0x0000000008001906        0x2 
 .text.Reset_Handler
                0x0000000008001908       0x50 ./Startup/startup_stm32f746zgtx.o
                0x0000000008001908                Reset_Handler
 .text.Default_Handler
                0x0000000008001958        0x2 ./Startup/startup_stm32f746zgtx.o
                0x0000000008001958                RTC_Alarm_IRQHandler
                0x0000000008001958                EXTI2_IRQHandler
                0x0000000008001958                TIM8_CC_IRQHandler
                0x0000000008001958                UART8_IRQHandler
                0x0000000008001958                SPI4_IRQHandler
                0x0000000008001958                TIM1_CC_IRQHandler
                0x0000000008001958                DMA2_Stream5_IRQHandler
                0x0000000008001958                DMA1_Stream5_IRQHandler
                0x0000000008001958                PVD_IRQHandler
                0x0000000008001958                TAMP_STAMP_IRQHandler
                0x0000000008001958                CAN2_RX1_IRQHandler
                0x0000000008001958                EXTI3_IRQHandler
                0x0000000008001958                TIM8_TRG_COM_TIM14_IRQHandler
                0x0000000008001958                TIM1_UP_TIM10_IRQHandler
                0x0000000008001958                TIM8_UP_TIM13_IRQHandler
                0x0000000008001958                I2C3_ER_IRQHandler
                0x0000000008001958                EXTI0_IRQHandler
                0x0000000008001958                I2C2_EV_IRQHandler
                0x0000000008001958                DMA1_Stream2_IRQHandler
                0x0000000008001958                CAN1_RX0_IRQHandler
                0x0000000008001958                FPU_IRQHandler
                0x0000000008001958                OTG_HS_WKUP_IRQHandler
                0x0000000008001958                LTDC_ER_IRQHandler
                0x0000000008001958                CAN2_SCE_IRQHandler
                0x0000000008001958                DMA2_Stream2_IRQHandler
                0x0000000008001958                SPI1_IRQHandler
                0x0000000008001958                TIM6_DAC_IRQHandler
                0x0000000008001958                TIM1_BRK_TIM9_IRQHandler
                0x0000000008001958                DCMI_IRQHandler
                0x0000000008001958                CAN2_RX0_IRQHandler
                0x0000000008001958                DMA2_Stream3_IRQHandler
                0x0000000008001958                SAI2_IRQHandler
                0x0000000008001958                USART6_IRQHandler
                0x0000000008001958                USART3_IRQHandler
                0x0000000008001958                CAN1_RX1_IRQHandler
                0x0000000008001958                UART5_IRQHandler
                0x0000000008001958                DMA2_Stream0_IRQHandler
                0x0000000008001958                TIM4_IRQHandler
                0x0000000008001958                QUADSPI_IRQHandler
                0x0000000008001958                I2C1_EV_IRQHandler
                0x0000000008001958                DMA1_Stream6_IRQHandler
                0x0000000008001958                DMA1_Stream1_IRQHandler
                0x0000000008001958                UART4_IRQHandler
                0x0000000008001958                TIM3_IRQHandler
                0x0000000008001958                RCC_IRQHandler
                0x0000000008001958                TIM8_BRK_TIM12_IRQHandler
                0x0000000008001958                Default_Handler
                0x0000000008001958                CEC_IRQHandler
                0x0000000008001958                EXTI15_10_IRQHandler
                0x0000000008001958                ADC_IRQHandler
                0x0000000008001958                DMA1_Stream7_IRQHandler
                0x0000000008001958                SPI5_IRQHandler
                0x0000000008001958                TIM7_IRQHandler
                0x0000000008001958                SDMMC1_IRQHandler
                0x0000000008001958                CAN2_TX_IRQHandler
                0x0000000008001958                TIM5_IRQHandler
                0x0000000008001958                DMA2_Stream7_IRQHandler
                0x0000000008001958                I2C3_EV_IRQHandler
                0x0000000008001958                EXTI9_5_IRQHandler
                0x0000000008001958                RTC_WKUP_IRQHandler
                0x0000000008001958                LTDC_IRQHandler
                0x0000000008001958                ETH_WKUP_IRQHandler
                0x0000000008001958                SPDIF_RX_IRQHandler
                0x0000000008001958                SPI2_IRQHandler
                0x0000000008001958                OTG_HS_EP1_IN_IRQHandler
                0x0000000008001958                DMA1_Stream0_IRQHandler
                0x0000000008001958                CAN1_TX_IRQHandler
                0x0000000008001958                EXTI4_IRQHandler
                0x0000000008001958                RNG_IRQHandler
                0x0000000008001958                ETH_IRQHandler
                0x0000000008001958                OTG_HS_EP1_OUT_IRQHandler
                0x0000000008001958                WWDG_IRQHandler
                0x0000000008001958                SPI6_IRQHandler
                0x0000000008001958                I2C4_EV_IRQHandler
                0x0000000008001958                TIM2_IRQHandler
                0x0000000008001958                OTG_FS_WKUP_IRQHandler
                0x0000000008001958                TIM1_TRG_COM_TIM11_IRQHandler
                0x0000000008001958                OTG_HS_IRQHandler
                0x0000000008001958                DMA2D_IRQHandler
                0x0000000008001958                EXTI1_IRQHandler
                0x0000000008001958                UART7_IRQHandler
                0x0000000008001958                USART2_IRQHandler
                0x0000000008001958                I2C2_ER_IRQHandler
                0x0000000008001958                DMA2_Stream1_IRQHandler
                0x0000000008001958                CAN1_SCE_IRQHandler
                0x0000000008001958                FLASH_IRQHandler
                0x0000000008001958                DMA2_Stream4_IRQHandler
                0x0000000008001958                USART1_IRQHandler
                0x0000000008001958                OTG_FS_IRQHandler
                0x0000000008001958                SPI3_IRQHandler
                0x0000000008001958                DMA1_Stream4_IRQHandler
                0x0000000008001958                I2C1_ER_IRQHandler
                0x0000000008001958                FMC_IRQHandler
                0x0000000008001958                LPTIM1_IRQHandler
                0x0000000008001958                I2C4_ER_IRQHandler
                0x0000000008001958                DMA2_Stream6_IRQHandler
                0x0000000008001958                SAI1_IRQHandler
                0x0000000008001958                DMA1_Stream3_IRQHandler
 .text.memset   0x000000000800195a       0x10 /home/lean/st/stm32cubeide_1.14.0/plugins/com.st.stm32cube.ide.mcu.externaltools.gnu-tools-for-stm32.11.3.rel1.linux64_1.1.100.202309141235/tools/bin/../lib/gcc/arm-none-eabi/11.3.1/../../../../arm-none-eabi/lib/thumb/v7e-m+fp/hard/libc_nano.a(libc_a-memset.o)
                0x000000000800195a                memset
 *fill*         0x000000000800196a        0x2 
 .text.__libc_init_array
                0x000000000800196c       0x48 /home/lean/st/stm32cubeide_1.14.0/plugins/com.st.stm32cube.ide.mcu.externaltools.gnu-tools-for-stm32.11.3.rel1.linux64_1.1.100.202309141235/tools/bin/../lib/gcc/arm-none-eabi/11.3.1/../../../../arm-none-eabi/lib/thumb/v7e-m+fp/hard/libc_nano.a(libc_a-init.o)
                0x000000000800196c                __libc_init_array
 *(.glue_7)
 .glue_7        0x00000000080019b4        0x0 linker stubs
 *(.glue_7t)
 .glue_7t       0x00000000080019b4        0x0 linker stubs
 *(.eh_frame)
 .eh_frame      0x00000000080019b4        0x0 /home/lean/st/stm32cubeide_1.14.0/plugins/com.st.stm32cube.ide.mcu.externaltools.gnu-tools-for-stm32.11.3.rel1.linux64_1.1.100.202309141235/tools/bin/../lib/gcc/arm-none-eabi/11.3.1/thumb/v7e-m+fp/hard/crtbegin.o
 *(.init)
 .init          0x00000000080019b4        0x4 /home/lean/st/stm32cubeide_1.14.0/plugins/com.st.stm32cube.ide.mcu.externaltools.gnu-tools-for-stm32.11.3.rel1.linux64_1.1.100.202309141235/tools/bin/../lib/gcc/arm-none-eabi/11.3.1/thumb/v7e-m+fp/hard/crti.o
                0x00000000080019b4                _init
 .init          0x00000000080019b8        0x8 /home/lean/st/stm32cubeide_1.14.0/plugins/com.st.stm32cube.ide.mcu.externaltools.gnu-tools-for-stm32.11.3.rel1.linux64_1.1.100.202309141235/tools/bin/../lib/gcc/arm-none-eabi/11.3.1/thumb/v7e-m+fp/hard/crtn.o
 *(.fini)
 .fini          0x00000000080019c0        0x4 /home/lean/st/stm32cubeide_1.14.0/plugins/com.st.stm32cube.ide.mcu.externaltools.gnu-tools-for-stm32.11.3.rel1.linux64_1.1.100.202309141235/tools/bin/../lib/gcc/arm-none-eabi/11.3.1/thumb/v7e-m+fp/hard/crti.o
                0x00000000080019c0                _fini
 .fini          0x00000000080019c4        0x8 /home/lean/st/stm32cubeide_1.14.0/plugins/com.st.stm32cube.ide.mcu.externaltools.gnu-tools-for-stm32.11.3.rel1.linux64_1.1.100.202309141235/tools/bin/../lib/gcc/arm-none-eabi/11.3.1/thumb/v7e-m+fp/hard/crtn.o
                0x00000000080019cc                . = ALIGN (0x4)
                0x00000000080019cc                _etext = .

.vfp11_veneer   0x00000000080019cc        0x0
 .vfp11_veneer  0x00000000080019cc        0x0 linker stubs

.v4_bx          0x00000000080019cc        0x0
 .v4_bx         0x00000000080019cc        0x0 linker stubs

.iplt           0x00000000080019cc        0x0
 .iplt          0x00000000080019cc        0x0 /home/lean/st/stm32cubeide_1.14.0/plugins/com.st.stm32cube.ide.mcu.externaltools.gnu-tools-for-stm32.11.3.rel1.linux64_1.1.100.202309141235/tools/bin/../lib/gcc/arm-none-eabi/11.3.1/thumb/v7e-m+fp/hard/crtbegin.o

.rodata         0x00000000080019cc       0x18
                0x00000000080019cc                . = ALIGN (0x4)
 *(.rodata)
 *(.rodata*)
 .rodata.AHBPrescTable
                0x00000000080019cc       0x10 ./Core/Src/system_stm32f7xx.o
                0x00000000080019cc                AHBPrescTable
 .rodata.GPIO_PIN
                0x00000000080019dc        0x6 ./Drivers/BSP/STM32F7xx_Nucleo_144/stm32f7xx_nucleo_144.o
                0x00000000080019dc                GPIO_PIN
                0x00000000080019e4                . = ALIGN (0x4)
 *fill*         0x00000000080019e2        0x2 

.ARM.extab      0x00000000080019e4        0x0
                0x00000000080019e4                . = ALIGN (0x4)
 *(.ARM.extab* .gnu.linkonce.armextab.*)
                0x00000000080019e4                . = ALIGN (0x4)

.ARM            0x00000000080019e4        0x8
                0x00000000080019e4                . = ALIGN (0x4)
                0x00000000080019e4                __exidx_start = .
 *(.ARM.exidx*)
 .ARM.exidx     0x00000000080019e4        0x8 /home/lean/st/stm32cubeide_1.14.0/plugins/com.st.stm32cube.ide.mcu.externaltools.gnu-tools-for-stm32.11.3.rel1.linux64_1.1.100.202309141235/tools/bin/../lib/gcc/arm-none-eabi/11.3.1/thumb/v7e-m+fp/hard/libgcc.a(_udivmoddi4.o)
                0x00000000080019ec                __exidx_end = .
                0x00000000080019ec                . = ALIGN (0x4)

.rel.dyn        0x00000000080019ec        0x0
 .rel.iplt      0x00000000080019ec        0x0 /home/lean/st/stm32cubeide_1.14.0/plugins/com.st.stm32cube.ide.mcu.externaltools.gnu-tools-for-stm32.11.3.rel1.linux64_1.1.100.202309141235/tools/bin/../lib/gcc/arm-none-eabi/11.3.1/thumb/v7e-m+fp/hard/crtbegin.o

.preinit_array  0x00000000080019ec        0x0
                0x00000000080019ec                . = ALIGN (0x4)
                0x00000000080019ec                PROVIDE (__preinit_array_start = .)
 *(.preinit_array*)
                0x00000000080019ec                PROVIDE (__preinit_array_end = .)
                0x00000000080019ec                . = ALIGN (0x4)

.init_array     0x00000000080019ec        0x4
                0x00000000080019ec                . = ALIGN (0x4)
                0x00000000080019ec                PROVIDE (__init_array_start = .)
 *(SORT_BY_NAME(.init_array.*))
 *(.init_array*)
 .init_array    0x00000000080019ec        0x4 /home/lean/st/stm32cubeide_1.14.0/plugins/com.st.stm32cube.ide.mcu.externaltools.gnu-tools-for-stm32.11.3.rel1.linux64_1.1.100.202309141235/tools/bin/../lib/gcc/arm-none-eabi/11.3.1/thumb/v7e-m+fp/hard/crtbegin.o
                0x00000000080019f0                PROVIDE (__init_array_end = .)
                0x00000000080019f0                . = ALIGN (0x4)

.fini_array     0x00000000080019f0        0x4
                0x00000000080019f0                . = ALIGN (0x4)
                [!provide]                        PROVIDE (__fini_array_start = .)
 *(SORT_BY_NAME(.fini_array.*))
 *(.fini_array*)
 .fini_array    0x00000000080019f0        0x4 /home/lean/st/stm32cubeide_1.14.0/plugins/com.st.stm32cube.ide.mcu.externaltools.gnu-tools-for-stm32.11.3.rel1.linux64_1.1.100.202309141235/tools/bin/../lib/gcc/arm-none-eabi/11.3.1/thumb/v7e-m+fp/hard/crtbegin.o
                [!provide]                        PROVIDE (__fini_array_end = .)
                0x00000000080019f4                . = ALIGN (0x4)
                0x00000000080019f4                _sidata = LOADADDR (.data)

.data           0x0000000020000000       0x24 load address 0x00000000080019f4
                0x0000000020000000                . = ALIGN (0x4)
                0x0000000020000000                _sdata = .
 *(.data)
 *(.data*)
 .data.SystemCoreClock
                0x0000000020000000        0x4 ./Core/Src/system_stm32f7xx.o
                0x0000000020000000                SystemCoreClock
 .data.GPIO_PORT
                0x0000000020000004        0xc ./Drivers/BSP/STM32F7xx_Nucleo_144/stm32f7xx_nucleo_144.o
                0x0000000020000004                GPIO_PORT
 .data.BUTTON_PORT
                0x0000000020000010        0x4 ./Drivers/BSP/STM32F7xx_Nucleo_144/stm32f7xx_nucleo_144.o
                0x0000000020000010                BUTTON_PORT
 .data.uwTickPrio
                0x0000000020000014        0x4 ./Drivers/STM32F7xx_HAL_Driver/Src/stm32f7xx_hal.o
                0x0000000020000014                uwTickPrio
 .data.uwTickFreq
                0x0000000020000018        0x1 ./Drivers/STM32F7xx_HAL_Driver/Src/stm32f7xx_hal.o
                0x0000000020000018                uwTickFreq
 *fill*         0x0000000020000019        0x3 
 .data.Leds     0x000000002000001c        0x3 ./Src/main.o
                0x000000002000001c                Leds
 *fill*         0x000000002000001f        0x1 
 .data.time_delay
                0x0000000020000020        0x4 ./Src/main.o
                0x0000000020000020                time_delay
 *(.RamFunc)
 *(.RamFunc*)
                0x0000000020000024                . = ALIGN (0x4)
                0x0000000020000024                _edata = .

.igot.plt       0x0000000020000024        0x0 load address 0x0000000008001a18
 .igot.plt      0x0000000020000024        0x0 /home/lean/st/stm32cubeide_1.14.0/plugins/com.st.stm32cube.ide.mcu.externaltools.gnu-tools-for-stm32.11.3.rel1.linux64_1.1.100.202309141235/tools/bin/../lib/gcc/arm-none-eabi/11.3.1/thumb/v7e-m+fp/hard/crtbegin.o
                0x0000000020000024                . = ALIGN (0x4)

.bss            0x0000000020000024       0x20 load address 0x0000000008001a18
                0x0000000020000024                _sbss = .
                0x0000000020000024                __bss_start__ = _sbss
 *(.bss)
 .bss           0x0000000020000024       0x1c /home/lean/st/stm32cubeide_1.14.0/plugins/com.st.stm32cube.ide.mcu.externaltools.gnu-tools-for-stm32.11.3.rel1.linux64_1.1.100.202309141235/tools/bin/../lib/gcc/arm-none-eabi/11.3.1/thumb/v7e-m+fp/hard/crtbegin.o
 *(.bss*)
 .bss.uwTick    0x0000000020000040        0x4 ./Drivers/STM32F7xx_HAL_Driver/Src/stm32f7xx_hal.o
                0x0000000020000040                uwTick
 *(COMMON)
                0x0000000020000044                . = ALIGN (0x4)
                0x0000000020000044                _ebss = .
                0x0000000020000044                __bss_end__ = _ebss

._user_heap_stack
                0x0000000020000044      0x604 load address 0x0000000008001a18
                0x0000000020000048                . = ALIGN (0x8)
 *fill*         0x0000000020000044        0x4 
                [!provide]                        PROVIDE (end = .)
                0x0000000020000048                PROVIDE (_end = .)
                0x0000000020000248                . = (. + _Min_Heap_Size)
 *fill*         0x0000000020000048      0x200 
                0x0000000020000648                . = (. + _Min_Stack_Size)
 *fill*         0x0000000020000248      0x400 
                0x0000000020000648                . = ALIGN (0x8)

/DISCARD/
 libc.a(*)
 libm.a(*)
 libgcc.a(*)

.ARM.attributes
                0x0000000000000000       0x30
 *(.ARM.attributes)
 .ARM.attributes
                0x0000000000000000       0x1e /home/lean/st/stm32cubeide_1.14.0/plugins/com.st.stm32cube.ide.mcu.externaltools.gnu-tools-for-stm32.11.3.rel1.linux64_1.1.100.202309141235/tools/bin/../lib/gcc/arm-none-eabi/11.3.1/thumb/v7e-m+fp/hard/crti.o
 .ARM.attributes
                0x000000000000001e       0x34 /home/lean/st/stm32cubeide_1.14.0/plugins/com.st.stm32cube.ide.mcu.externaltools.gnu-tools-for-stm32.11.3.rel1.linux64_1.1.100.202309141235/tools/bin/../lib/gcc/arm-none-eabi/11.3.1/thumb/v7e-m+fp/hard/crtbegin.o
 .ARM.attributes
                0x0000000000000052       0x34 ./Core/Src/stm32f7xx_hal_msp.o
 .ARM.attributes
                0x0000000000000086       0x34 ./Core/Src/stm32f7xx_it.o
 .ARM.attributes
                0x00000000000000ba       0x34 ./Core/Src/system_stm32f7xx.o
 .ARM.attributes
                0x00000000000000ee       0x34 ./Drivers/BSP/STM32F7xx_Nucleo_144/stm32f7xx_nucleo_144.o
 .ARM.attributes
                0x0000000000000122       0x34 ./Drivers/STM32F7xx_HAL_Driver/Src/stm32f7xx_hal.o
 .ARM.attributes
                0x0000000000000156       0x34 ./Drivers/STM32F7xx_HAL_Driver/Src/stm32f7xx_hal_cortex.o
 .ARM.attributes
                0x000000000000018a       0x34 ./Drivers/STM32F7xx_HAL_Driver/Src/stm32f7xx_hal_gpio.o
 .ARM.attributes
                0x00000000000001be       0x34 ./Drivers/STM32F7xx_HAL_Driver/Src/stm32f7xx_hal_rcc.o
 .ARM.attributes
                0x00000000000001f2       0x34 ./Src/main.o
 .ARM.attributes
                0x0000000000000226       0x21 ./Startup/startup_stm32f746zgtx.o
 .ARM.attributes
                0x0000000000000247       0x34 /home/lean/st/stm32cubeide_1.14.0/plugins/com.st.stm32cube.ide.mcu.externaltools.gnu-tools-for-stm32.11.3.rel1.linux64_1.1.100.202309141235/tools/bin/../lib/gcc/arm-none-eabi/11.3.1/../../../../arm-none-eabi/lib/thumb/v7e-m+fp/hard/libc_nano.a(libc_a-memset.o)
 .ARM.attributes
                0x000000000000027b       0x34 /home/lean/st/stm32cubeide_1.14.0/plugins/com.st.stm32cube.ide.mcu.externaltools.gnu-tools-for-stm32.11.3.rel1.linux64_1.1.100.202309141235/tools/bin/../lib/gcc/arm-none-eabi/11.3.1/../../../../arm-none-eabi/lib/thumb/v7e-m+fp/hard/libc_nano.a(libc_a-init.o)
 .ARM.attributes
                0x00000000000002af       0x1e /home/lean/st/stm32cubeide_1.14.0/plugins/com.st.stm32cube.ide.mcu.externaltools.gnu-tools-for-stm32.11.3.rel1.linux64_1.1.100.202309141235/tools/bin/../lib/gcc/arm-none-eabi/11.3.1/thumb/v7e-m+fp/hard/libgcc.a(_aeabi_uldivmod.o)
 .ARM.attributes
                0x00000000000002cd       0x34 /home/lean/st/stm32cubeide_1.14.0/plugins/com.st.stm32cube.ide.mcu.externaltools.gnu-tools-for-stm32.11.3.rel1.linux64_1.1.100.202309141235/tools/bin/../lib/gcc/arm-none-eabi/11.3.1/thumb/v7e-m+fp/hard/libgcc.a(_udivmoddi4.o)
 .ARM.attributes
                0x0000000000000301       0x1e /home/lean/st/stm32cubeide_1.14.0/plugins/com.st.stm32cube.ide.mcu.externaltools.gnu-tools-for-stm32.11.3.rel1.linux64_1.1.100.202309141235/tools/bin/../lib/gcc/arm-none-eabi/11.3.1/thumb/v7e-m+fp/hard/libgcc.a(_dvmd_tls.o)
 .ARM.attributes
                0x000000000000031f       0x1e /home/lean/st/stm32cubeide_1.14.0/plugins/com.st.stm32cube.ide.mcu.externaltools.gnu-tools-for-stm32.11.3.rel1.linux64_1.1.100.202309141235/tools/bin/../lib/gcc/arm-none-eabi/11.3.1/thumb/v7e-m+fp/hard/crtn.o
OUTPUT(PRACTICA_1_STM32F746ZGT6.elf elf32-littlearm)
LOAD linker stubs
LOAD /home/lean/st/stm32cubeide_1.14.0/plugins/com.st.stm32cube.ide.mcu.externaltools.gnu-tools-for-stm32.11.3.rel1.linux64_1.1.100.202309141235/tools/bin/../lib/gcc/arm-none-eabi/11.3.1/../../../../arm-none-eabi/lib/thumb/v7e-m+fp/hard/libc.a
LOAD /home/lean/st/stm32cubeide_1.14.0/plugins/com.st.stm32cube.ide.mcu.externaltools.gnu-tools-for-stm32.11.3.rel1.linux64_1.1.100.202309141235/tools/bin/../lib/gcc/arm-none-eabi/11.3.1/../../../../arm-none-eabi/lib/thumb/v7e-m+fp/hard/libm.a
LOAD /home/lean/st/stm32cubeide_1.14.0/plugins/com.st.stm32cube.ide.mcu.externaltools.gnu-tools-for-stm32.11.3.rel1.linux64_1.1.100.202309141235/tools/bin/../lib/gcc/arm-none-eabi/11.3.1/thumb/v7e-m+fp/hard/libgcc.a

.comment        0x0000000000000000       0x43
 .comment       0x0000000000000000       0x43 /home/lean/st/stm32cubeide_1.14.0/plugins/com.st.stm32cube.ide.mcu.externaltools.gnu-tools-for-stm32.11.3.rel1.linux64_1.1.100.202309141235/tools/bin/../lib/gcc/arm-none-eabi/11.3.1/thumb/v7e-m+fp/hard/crtbegin.o
                                         0x44 (size before relaxing)
 .comment       0x0000000000000043       0x44 ./Core/Src/stm32f7xx_hal_msp.o
 .comment       0x0000000000000043       0x44 ./Core/Src/stm32f7xx_it.o
 .comment       0x0000000000000043       0x44 ./Core/Src/system_stm32f7xx.o
 .comment       0x0000000000000043       0x44 ./Drivers/BSP/STM32F7xx_Nucleo_144/stm32f7xx_nucleo_144.o
 .comment       0x0000000000000043       0x44 ./Drivers/STM32F7xx_HAL_Driver/Src/stm32f7xx_hal.o
 .comment       0x0000000000000043       0x44 ./Drivers/STM32F7xx_HAL_Driver/Src/stm32f7xx_hal_cortex.o
 .comment       0x0000000000000043       0x44 ./Drivers/STM32F7xx_HAL_Driver/Src/stm32f7xx_hal_gpio.o
 .comment       0x0000000000000043       0x44 ./Drivers/STM32F7xx_HAL_Driver/Src/stm32f7xx_hal_rcc.o
 .comment       0x0000000000000043       0x44 ./Src/main.o

.debug_info     0x0000000000000000     0x442e
 .debug_info    0x0000000000000000      0x294 ./Core/Src/stm32f7xx_hal_msp.o
 .debug_info    0x0000000000000294      0x119 ./Core/Src/stm32f7xx_it.o
 .debug_info    0x00000000000003ad      0x6ed ./Core/Src/system_stm32f7xx.o
 .debug_info    0x0000000000000a9a      0x9e3 ./Drivers/BSP/STM32F7xx_Nucleo_144/stm32f7xx_nucleo_144.o
 .debug_info    0x000000000000147d      0x9d8 ./Drivers/STM32F7xx_HAL_Driver/Src/stm32f7xx_hal.o
 .debug_info    0x0000000000001e55      0xf49 ./Drivers/STM32F7xx_HAL_Driver/Src/stm32f7xx_hal_cortex.o
 .debug_info    0x0000000000002d9e      0x6e7 ./Drivers/STM32F7xx_HAL_Driver/Src/stm32f7xx_hal_gpio.o
 .debug_info    0x0000000000003485      0x8dc ./Drivers/STM32F7xx_HAL_Driver/Src/stm32f7xx_hal_rcc.o
 .debug_info    0x0000000000003d61      0x6aa ./Src/main.o
 .debug_info    0x000000000000440b       0x23 ./Startup/startup_stm32f746zgtx.o

.debug_abbrev   0x0000000000000000     0x10cd
 .debug_abbrev  0x0000000000000000       0xd8 ./Core/Src/stm32f7xx_hal_msp.o
 .debug_abbrev  0x00000000000000d8       0x73 ./Core/Src/stm32f7xx_it.o
 .debug_abbrev  0x000000000000014b      0x13b ./Core/Src/system_stm32f7xx.o
 .debug_abbrev  0x0000000000000286      0x245 ./Drivers/BSP/STM32F7xx_Nucleo_144/stm32f7xx_nucleo_144.o
 .debug_abbrev  0x00000000000004cb      0x213 ./Drivers/STM32F7xx_HAL_Driver/Src/stm32f7xx_hal.o
 .debug_abbrev  0x00000000000006de      0x329 ./Drivers/STM32F7xx_HAL_Driver/Src/stm32f7xx_hal_cortex.o
 .debug_abbrev  0x0000000000000a07      0x1d4 ./Drivers/STM32F7xx_HAL_Driver/Src/stm32f7xx_hal_gpio.o
 .debug_abbrev  0x0000000000000bdb      0x288 ./Drivers/STM32F7xx_HAL_Driver/Src/stm32f7xx_hal_rcc.o
 .debug_abbrev  0x0000000000000e63      0x258 ./Src/main.o
 .debug_abbrev  0x00000000000010bb       0x12 ./Startup/startup_stm32f746zgtx.o

.debug_aranges  0x0000000000000000      0x470
 .debug_aranges
                0x0000000000000000       0x20 ./Core/Src/stm32f7xx_hal_msp.o
 .debug_aranges
                0x0000000000000020       0x60 ./Core/Src/stm32f7xx_it.o
 .debug_aranges
                0x0000000000000080       0x28 ./Core/Src/system_stm32f7xx.o
 .debug_aranges
                0x00000000000000a8       0x60 ./Drivers/BSP/STM32F7xx_Nucleo_144/stm32f7xx_nucleo_144.o
 .debug_aranges
                0x0000000000000108      0x100 ./Drivers/STM32F7xx_HAL_Driver/Src/stm32f7xx_hal.o
 .debug_aranges
                0x0000000000000208      0x118 ./Drivers/STM32F7xx_HAL_Driver/Src/stm32f7xx_hal_cortex.o
 .debug_aranges
                0x0000000000000320       0x58 ./Drivers/STM32F7xx_HAL_Driver/Src/stm32f7xx_hal_gpio.o
 .debug_aranges
                0x0000000000000378       0x88 ./Drivers/STM32F7xx_HAL_Driver/Src/stm32f7xx_hal_rcc.o
 .debug_aranges
                0x0000000000000400       0x48 ./Src/main.o
 .debug_aranges
                0x0000000000000448       0x28 ./Startup/startup_stm32f746zgtx.o

.debug_rnglists
                0x0000000000000000      0x32f
 .debug_rnglists
                0x0000000000000000       0x13 ./Core/Src/stm32f7xx_hal_msp.o
 .debug_rnglists
                0x0000000000000013       0x43 ./Core/Src/stm32f7xx_it.o
 .debug_rnglists
                0x0000000000000056       0x1a ./Core/Src/system_stm32f7xx.o
 .debug_rnglists
                0x0000000000000070       0x45 ./Drivers/BSP/STM32F7xx_Nucleo_144/stm32f7xx_nucleo_144.o
 .debug_rnglists
                0x00000000000000b5       0xbb ./Drivers/STM32F7xx_HAL_Driver/Src/stm32f7xx_hal.o
 .debug_rnglists
                0x0000000000000170       0xce ./Drivers/STM32F7xx_HAL_Driver/Src/stm32f7xx_hal_cortex.o
 .debug_rnglists
                0x000000000000023e       0x3f ./Drivers/STM32F7xx_HAL_Driver/Src/stm32f7xx_hal_gpio.o
 .debug_rnglists
                0x000000000000027d       0x67 ./Drivers/STM32F7xx_HAL_Driver/Src/stm32f7xx_hal_rcc.o
 .debug_rnglists
                0x00000000000002e4       0x32 ./Src/main.o
 .debug_rnglists
                0x0000000000000316       0x19 ./Startup/startup_stm32f746zgtx.o

.debug_macro    0x0000000000000000    0x24678
 .debug_macro   0x0000000000000000      0x29f ./Core/Src/stm32f7xx_hal_msp.o
 .debug_macro   0x000000000000029f      0xaa8 ./Core/Src/stm32f7xx_hal_msp.o
 .debug_macro   0x0000000000000d47       0x22 ./Core/Src/stm32f7xx_hal_msp.o
 .debug_macro   0x0000000000000d69       0x5b ./Core/Src/stm32f7xx_hal_msp.o
 .debug_macro   0x0000000000000dc4       0x2a ./Core/Src/stm32f7xx_hal_msp.o
 .debug_macro   0x0000000000000dee       0x94 ./Core/Src/stm32f7xx_hal_msp.o
 .debug_macro   0x0000000000000e82       0x43 ./Core/Src/stm32f7xx_hal_msp.o
 .debug_macro   0x0000000000000ec5       0x34 ./Core/Src/stm32f7xx_hal_msp.o
 .debug_macro   0x0000000000000ef9       0x16 ./Core/Src/stm32f7xx_hal_msp.o
 .debug_macro   0x0000000000000f0f       0x57 ./Core/Src/stm32f7xx_hal_msp.o
 .debug_macro   0x0000000000000f66       0x97 ./Core/Src/stm32f7xx_hal_msp.o
 .debug_macro   0x0000000000000ffd      0x369 ./Core/Src/stm32f7xx_hal_msp.o
 .debug_macro   0x0000000000001366       0xfd ./Core/Src/stm32f7xx_hal_msp.o
 .debug_macro   0x0000000000001463       0x10 ./Core/Src/stm32f7xx_hal_msp.o
 .debug_macro   0x0000000000001473       0x16 ./Core/Src/stm32f7xx_hal_msp.o
 .debug_macro   0x0000000000001489       0x43 ./Core/Src/stm32f7xx_hal_msp.o
 .debug_macro   0x00000000000014cc       0x34 ./Core/Src/stm32f7xx_hal_msp.o
 .debug_macro   0x0000000000001500       0x10 ./Core/Src/stm32f7xx_hal_msp.o
 .debug_macro   0x0000000000001510       0x58 ./Core/Src/stm32f7xx_hal_msp.o
 .debug_macro   0x0000000000001568       0x8e ./Core/Src/stm32f7xx_hal_msp.o
 .debug_macro   0x00000000000015f6       0x1c ./Core/Src/stm32f7xx_hal_msp.o
 .debug_macro   0x0000000000001612      0x177 ./Core/Src/stm32f7xx_hal_msp.o
 .debug_macro   0x0000000000001789       0x16 ./Core/Src/stm32f7xx_hal_msp.o
 .debug_macro   0x000000000000179f       0x16 ./Core/Src/stm32f7xx_hal_msp.o
 .debug_macro   0x00000000000017b5      0x147 ./Core/Src/stm32f7xx_hal_msp.o
 .debug_macro   0x00000000000018fc      0x287 ./Core/Src/stm32f7xx_hal_msp.o
 .debug_macro   0x0000000000001b83       0x2e ./Core/Src/stm32f7xx_hal_msp.o
 .debug_macro   0x0000000000001bb1       0x3b ./Core/Src/stm32f7xx_hal_msp.o
 .debug_macro   0x0000000000001bec      0x103 ./Core/Src/stm32f7xx_hal_msp.o
 .debug_macro   0x0000000000001cef       0x6a ./Core/Src/stm32f7xx_hal_msp.o
 .debug_macro   0x0000000000001d59      0x1df ./Core/Src/stm32f7xx_hal_msp.o
 .debug_macro   0x0000000000001f38       0x1c ./Core/Src/stm32f7xx_hal_msp.o
 .debug_macro   0x0000000000001f54       0x22 ./Core/Src/stm32f7xx_hal_msp.o
 .debug_macro   0x0000000000001f76       0xd9 ./Core/Src/stm32f7xx_hal_msp.o
 .debug_macro   0x000000000000204f     0x12cd ./Core/Src/stm32f7xx_hal_msp.o
 .debug_macro   0x000000000000331c      0x11f ./Core/Src/stm32f7xx_hal_msp.o
 .debug_macro   0x000000000000343b       0x19 ./Core/Src/stm32f7xx_hal_msp.o
 .debug_macro   0x0000000000003454    0x1920a ./Core/Src/stm32f7xx_hal_msp.o
 .debug_macro   0x000000000001c65e       0x6d ./Core/Src/stm32f7xx_hal_msp.o
 .debug_macro   0x000000000001c6cb     0x3749 ./Core/Src/stm32f7xx_hal_msp.o
 .debug_macro   0x000000000001fe14       0x5d ./Core/Src/stm32f7xx_hal_msp.o
 .debug_macro   0x000000000001fe71     0x18ad ./Core/Src/stm32f7xx_hal_msp.o
 .debug_macro   0x000000000002171e      0x6c4 ./Core/Src/stm32f7xx_hal_msp.o
 .debug_macro   0x0000000000021de2      0x185 ./Core/Src/stm32f7xx_hal_msp.o
 .debug_macro   0x0000000000021f67      0x115 ./Core/Src/stm32f7xx_hal_msp.o
 .debug_macro   0x000000000002207c      0x1fd ./Core/Src/stm32f7xx_hal_msp.o
 .debug_macro   0x0000000000022279       0xa5 ./Core/Src/stm32f7xx_hal_msp.o
 .debug_macro   0x000000000002231e      0x24f ./Core/Src/stm32f7xx_hal_msp.o
 .debug_macro   0x000000000002256d       0x41 ./Core/Src/stm32f7xx_hal_msp.o
 .debug_macro   0x00000000000225ae       0x58 ./Core/Src/stm32f7xx_hal_msp.o
 .debug_macro   0x0000000000022606      0x236 ./Core/Src/stm32f7xx_hal_msp.o
 .debug_macro   0x000000000002283c      0x14e ./Core/Src/stm32f7xx_hal_msp.o
 .debug_macro   0x000000000002298a      0x25a ./Core/Src/stm32f7xx_hal_msp.o
 .debug_macro   0x0000000000022be4       0x12 ./Core/Src/stm32f7xx_hal_msp.o
 .debug_macro   0x0000000000022bf6      0x22c ./Core/Src/stm32f7xx_hal_msp.o
 .debug_macro   0x0000000000022e22       0x61 ./Core/Src/stm32f7xx_hal_msp.o
 .debug_macro   0x0000000000022e83       0xa5 ./Core/Src/stm32f7xx_hal_msp.o
 .debug_macro   0x0000000000022f28      0x12e ./Core/Src/stm32f7xx_hal_msp.o
 .debug_macro   0x0000000000023056      0x108 ./Core/Src/stm32f7xx_hal_msp.o
 .debug_macro   0x000000000002315e       0x35 ./Core/Src/stm32f7xx_hal_msp.o
 .debug_macro   0x0000000000023193      0x14d ./Core/Src/stm32f7xx_hal_msp.o
 .debug_macro   0x00000000000232e0      0x103 ./Core/Src/stm32f7xx_hal_msp.o
 .debug_macro   0x00000000000233e3      0x2a9 ./Core/Src/stm32f7xx_it.o
 .debug_macro   0x000000000002368c      0x1ba ./Core/Src/system_stm32f7xx.o
 .debug_macro   0x0000000000023846       0x8e ./Core/Src/system_stm32f7xx.o
 .debug_macro   0x00000000000238d4       0x51 ./Core/Src/system_stm32f7xx.o
 .debug_macro   0x0000000000023925       0x63 ./Core/Src/system_stm32f7xx.o
 .debug_macro   0x0000000000023988      0x1f3 ./Drivers/BSP/STM32F7xx_Nucleo_144/stm32f7xx_nucleo_144.o
 .debug_macro   0x0000000000023b7b       0xfd ./Drivers/BSP/STM32F7xx_Nucleo_144/stm32f7xx_nucleo_144.o
 .debug_macro   0x0000000000023c78      0x1de ./Drivers/STM32F7xx_HAL_Driver/Src/stm32f7xx_hal.o
 .debug_macro   0x0000000000023e56      0x1ba ./Drivers/STM32F7xx_HAL_Driver/Src/stm32f7xx_hal_cortex.o
 .debug_macro   0x0000000000024010      0x1c0 ./Drivers/STM32F7xx_HAL_Driver/Src/stm32f7xx_hal_gpio.o
 .debug_macro   0x00000000000241d0      0x1de ./Drivers/STM32F7xx_HAL_Driver/Src/stm32f7xx_hal_rcc.o
 .debug_macro   0x00000000000243ae      0x2a8 ./Src/main.o
 .debug_macro   0x0000000000024656       0x22 ./Src/main.o

.debug_line     0x0000000000000000     0x57f2
 .debug_line    0x0000000000000000      0x836 ./Core/Src/stm32f7xx_hal_msp.o
 .debug_line    0x0000000000000836      0x904 ./Core/Src/stm32f7xx_it.o
 .debug_line    0x000000000000113a      0x6ed ./Core/Src/system_stm32f7xx.o
 .debug_line    0x0000000000001827      0x7d9 ./Drivers/BSP/STM32F7xx_Nucleo_144/stm32f7xx_nucleo_144.o
 .debug_line    0x0000000000002000      0x97e ./Drivers/STM32F7xx_HAL_Driver/Src/stm32f7xx_hal.o
 .debug_line    0x000000000000297e      0xc04 ./Drivers/STM32F7xx_HAL_Driver/Src/stm32f7xx_hal_cortex.o
 .debug_line    0x0000000000003582      0xaf2 ./Drivers/STM32F7xx_HAL_Driver/Src/stm32f7xx_hal_gpio.o
 .debug_line    0x0000000000004074      0xdbc ./Drivers/STM32F7xx_HAL_Driver/Src/stm32f7xx_hal_rcc.o
 .debug_line    0x0000000000004e30      0x948 ./Src/main.o
 .debug_line    0x0000000000005778       0x7a ./Startup/startup_stm32f746zgtx.o

.debug_str      0x0000000000000000    0xe0750
 .debug_str     0x0000000000000000    0xdee01 ./Core/Src/stm32f7xx_hal_msp.o
                                      0xdf4c9 (size before relaxing)
 .debug_str     0x00000000000dee01       0xc9 ./Core/Src/stm32f7xx_it.o
                                      0xdf432 (size before relaxing)
 .debug_str     0x00000000000deeca      0x1ae ./Core/Src/system_stm32f7xx.o
                                      0xdb83c (size before relaxing)
 .debug_str     0x00000000000df078      0x9ea ./Drivers/BSP/STM32F7xx_Nucleo_144/stm32f7xx_nucleo_144.o
                                      0xdc7a4 (size before relaxing)
 .debug_str     0x00000000000dfa62      0x457 ./Drivers/STM32F7xx_HAL_Driver/Src/stm32f7xx_hal.o
                                      0xdc1a5 (size before relaxing)
 .debug_str     0x00000000000dfeb9      0x334 ./Drivers/STM32F7xx_HAL_Driver/Src/stm32f7xx_hal_cortex.o
                                      0xdc190 (size before relaxing)
 .debug_str     0x00000000000e01ed       0xe6 ./Drivers/STM32F7xx_HAL_Driver/Src/stm32f7xx_hal_gpio.o
                                      0xdb8fa (size before relaxing)
 .debug_str     0x00000000000e02d3      0x397 ./Drivers/STM32F7xx_HAL_Driver/Src/stm32f7xx_hal_rcc.o
                                      0xdbb9e (size before relaxing)
 .debug_str     0x00000000000e066a       0xb7 ./Src/main.o
                                      0xdf7e8 (size before relaxing)
 .debug_str     0x00000000000e0721       0x2f ./Startup/startup_stm32f746zgtx.o
                                         0x79 (size before relaxing)

.debug_frame    0x0000000000000000      0xff8
 .debug_frame   0x0000000000000000       0x38 ./Core/Src/stm32f7xx_hal_msp.o
 .debug_frame   0x0000000000000038      0x104 ./Core/Src/stm32f7xx_it.o
 .debug_frame   0x000000000000013c       0x58 ./Core/Src/system_stm32f7xx.o
 .debug_frame   0x0000000000000194      0x150 ./Drivers/BSP/STM32F7xx_Nucleo_144/stm32f7xx_nucleo_144.o
 .debug_frame   0x00000000000002e4      0x3b4 ./Drivers/STM32F7xx_HAL_Driver/Src/stm32f7xx_hal.o
 .debug_frame   0x0000000000000698      0x498 ./Drivers/STM32F7xx_HAL_Driver/Src/stm32f7xx_hal_cortex.o
 .debug_frame   0x0000000000000b30      0x14c ./Drivers/STM32F7xx_HAL_Driver/Src/stm32f7xx_hal_gpio.o
 .debug_frame   0x0000000000000c7c      0x1f8 ./Drivers/STM32F7xx_HAL_Driver/Src/stm32f7xx_hal_rcc.o
 .debug_frame   0x0000000000000e74       0xd8 ./Src/main.o
 .debug_frame   0x0000000000000f4c       0x20 /home/lean/st/stm32cubeide_1.14.0/plugins/com.st.stm32cube.ide.mcu.externaltools.gnu-tools-for-stm32.11.3.rel1.linux64_1.1.100.202309141235/tools/bin/../lib/gcc/arm-none-eabi/11.3.1/../../../../arm-none-eabi/lib/thumb/v7e-m+fp/hard/libc_nano.a(libc_a-memset.o)
 .debug_frame   0x0000000000000f6c       0x2c /home/lean/st/stm32cubeide_1.14.0/plugins/com.st.stm32cube.ide.mcu.externaltools.gnu-tools-for-stm32.11.3.rel1.linux64_1.1.100.202309141235/tools/bin/../lib/gcc/arm-none-eabi/11.3.1/../../../../arm-none-eabi/lib/thumb/v7e-m+fp/hard/libc_nano.a(libc_a-init.o)
 .debug_frame   0x0000000000000f98       0x2c /home/lean/st/stm32cubeide_1.14.0/plugins/com.st.stm32cube.ide.mcu.externaltools.gnu-tools-for-stm32.11.3.rel1.linux64_1.1.100.202309141235/tools/bin/../lib/gcc/arm-none-eabi/11.3.1/thumb/v7e-m+fp/hard/libgcc.a(_aeabi_uldivmod.o)
 .debug_frame   0x0000000000000fc4       0x34 /home/lean/st/stm32cubeide_1.14.0/plugins/com.st.stm32cube.ide.mcu.externaltools.gnu-tools-for-stm32.11.3.rel1.linux64_1.1.100.202309141235/tools/bin/../lib/gcc/arm-none-eabi/11.3.1/thumb/v7e-m+fp/hard/libgcc.a(_udivmoddi4.o)

.debug_line_str
                0x0000000000000000       0x6d
 .debug_line_str
                0x0000000000000000       0x6d ./Startup/startup_stm32f746zgtx.o
                                         0x85 (size before relaxing)
