../Drivers/API/Src/API_DelayUs.c:43:8:Timer_Init	32	static
../Drivers/API/Src/API_DelayUs.c:82:6:HAL_TIM_Base_MspInit	24	static
../Drivers/API/Src/API_DelayUs.c:97:10:getUsTick	4	static
../Drivers/API/Src/API_DelayUs.c:106:6:TimerStart	4	static
../Drivers/API/Src/API_DelayUs.c:117:6:usDelay	24	static,ignoring_inline_asm
../Drivers/API/Src/API_DelayUs.c:135:6:usDelayInit	16	static
../Drivers/API/Src/API_DelayUs.c:154:8:usDelayRead	24	static
../Drivers/API/Src/API_DelayUs.c:189:6:usDelayWrite	16	static
../Drivers/API/Src/API_DelayUs.c:205:6:usResetDelay	16	static
../Drivers/API/Src/API_DelayUs.c:216:13:Error_Handler	8	static
